// Jest Snapshot v1, https://goo.gl/fbAQLP

exports[`Should render page loader 1`] = `
<div
  className="loading-page"
>
  <img
    className="loading-page__image"
    src="./images/loader.gif"
  />
</div>
`;
