// Jest Snapshot v1, https://goo.gl/fbAQLP

exports[`Should render Login Page Correctly 1`] = `
<div
  className="box-layout"
>
  <div
    className="box-layout__box"
  >
    <h1
      className="box-layout__title"
    >
      BoilerPlate
    </h1>
    <p>
      Boilerplate React App Ready To Go!
    </p>
    <button
      className="button"
      onClick={[Function]}
      type="submit"
    >
      Login with Google
    </button>
  </div>
</div>
`;
